"6464646464646464","6464646464646464","6464646464646464","6464646464646464","6464646464646464","6464646464646464","6464646464646464"]
tx command 3 channel 0 value 100 variant 5 (swapped)
tx strength-1+2+4
tx strength-2+2+4
tx command 1 channel 0 value 4 variant 5 (swapped)
tx pulse-A:["6464646464646464","6464646464646464","6464646464646464","6464646464646464","6464646464646464","6464646464646464","6464646464646464","6464646464646464"]
tx pulse-B:["6464646464646464","6464646464646464","6464646464646464","6464646464646464","6464646464646464","6464646464646464","6464646464646464","6464646464646464"]
tx command 3 channel 0 value 100 variant 5 (swapped)
tx strength-1+2+4
tx strength-2+2+4
tx command 1 channel 0 value 4 variant 5 (swapped)
tx pulse-A:["6464646464646464","6464646464646464","6464646464646464","6464646464646464","6464646464646464","6464646464646464","6464646464646464","6464646464646464"]
tx pulse-B:["6464646464646464","6464646464646464","6464646464646464","6464646464646464","6464646464646464","6464646464646464","6464646464646464","6464646464646464"]
tx command 3 channel 0 value 100 variant 5 (swapped)
tx strength-1+2+4
tx strength-2+2+4
tx command 1 channel 0 value 4 variant 5 (swapped)
tx pulse-A:["6464646464646464","6464646464646464","6464646464646464","6464646464646464","6464646464646464","6464646464646464","6464646464646464","6464646464646464"]
tx pulse-B:["6464646464646464","6464646464646464","6464646464646464","6464646464646464","6464646464646464","6464646464646464","6464646464646464","6464646464646464"]
tx command 3 channel 0 value 100 variant 5 (swapped)
tx strength-1+2+4
tx strength-2+2+4
tx command 1 channel 0 value 4 variant 5 (swapped)
tx pulse-A:["6464646464646464","6464646464646464","6464646464646464","6464646464646464","6464646464646464","6464646464646464","6464646464646464","6464646464646464"]
tx pulse-B:["6464646464646464","6464646464646464","6464646464646464","6464646464646464","6464646464646464","6464646464646464","6464646464646464","6464646464646464"]
tx command 3 channel 0 value 100 variant 5 (swapped)
tx strength-1+2+4
tx strength-2+2+4
tx command 1 channel 0 value 4 variant 5 (swapped)
tx pulse-A:["6464646464646464","6464646464646464","6464646464646464","6464646464646464","6464646464646464","6464646464646464","6464646464646464","6464646464646464"]
tx pulse-B:["6464646464646464","6464646464646464","6464646464646464","6464646464646464","6464646464646464","6464646464646464","6464646464646464","6464646464646464"]
tx command 3 channel 0 value 100 variant 5 (swapped)
tx strength-1+2+4
tx strength-2+2+4
tx command 1 channel 0 value 4 variant 5 (swapped)
tx pulse-A:["6464646464646464","6464646464646464","6464646464646464","6464646464646464","6464646464646464","6464646464646464","6464646464646464","6464646464646464"]
tx pulse-B:["6464646464646464","6464646464646464","6464646464646464","6464646464646464","6464646464646464","6464646464646464","6464646464646464","6464646464646464"]
tx command 3 channel 0 value 100 variant 5 (swapped)
tx strength-1+2+4
tx strength-2+2+4
tx command 1 channel 0 value 4 variant 5 (swapped)
tx pulse-A:["6464646464646464","6464646464646464","6464646464646464","6464646464646464","6464646464646464","6464646464646464","6464646464646464","6464646464646464"]
tx pulse-B:["6464646464646464","6464646464646464","6464646464646464","6464646464646464","6464646464646464","6464646464646464","6464646464646464","6464646464646464"]
tx command 3 channel 0 value 100 variant 5 (swapped)
tx strength-1+2+4
tx strength-2+2+4
tx command 1 channel 0 value 4 variant 5 (swapped)
tx pulse-A:["6464646464646464","6464646464646464","6464646464646464","6464646464646464","6464646464646464","6464646464646464","6464646464646464","6464646464646464"]
tx pulse-B:["6464646464646464","6464646464646464","6464646464646464","6464646464646464","6464646464646464","6464646464646464","6464646464646464","6464646464646464"]
tx command 3 channel 0 value 100 variant 5 (swapped)
tx strength-1+2+4
tx strength-2+2+4
tx command 1 channel 0 value 4 variant 5 (swapped)
app 34bbf3ce-7383-44b0-a2ff-831ccd8b8dd8 disconnected
stopped
listening on port 9999
stopped
listening on port 9999
accept from 172.20.10.1
websocket from 172.20.10.1, target '/3efd17c0-12e5-4ee0-9c8a-9c89d1877a4a'
app 2a919393-c3a1-432f-81ee-804b1c047cec bound (target '/3efd17c0-12e5-4ee0-9c8a-9c89d1877a4a')
tx strength-1+2+10
tx strength-2+2+10
tx command 1 channel 0 value 10 variant 5 (swapped)
tx pulse-A:["6464646464646464","6464646464646464","6464646464646464","6464646464646464","6464646464646464","6464646464646464","6464646464646464","6464646464646464"]
tx pulse-B:["6464646464646464","6464646464646464","6464646464646464","6464646464646464","6464646464646464","6464646464646464","6464646464646464","6464646464646464"]
tx command 3 channel 0 value 100 variant 5 (swapped)
tx strength-1+2+10
tx strength-2+2+10
tx command 1 channel 0 value 10 variant 5 (swapped)
tx pulse-A:["6464646464646464","6464646464646464","6464646464646464","6464646464646464","6464646464646464","6464646464646464","6464646464646464","6464646464646464"]
tx pulse-B:["6464646464646464","6464646464646464","6464646464646464","6464646464646464","6464646464646464","6464646464646464","6464646464646464","6464646464646464"]
tx command 3 channel 0 value 100 variant 5 (swapped)
tx strength-1+2+10
tx strength-2+2+10
tx command 1 channel 0 value 10 variant 5 (swapped)
tx pulse-A:["6464646464646464","6464646464646464","6464646464646464","6464646464646464","6464646464646464","6464646464646464","6464646464646464","6464646464646464"]
tx pulse-B:["6464646464646464","6464646464646464","6464646464646464","6464646464646464","6464646464646464","6464646464646464","6464646464646464","6464646464646464"]
tx command 3 channel 0 value 100 variant 5 (swapped)
tx strength-1+2+10
tx strength-2+2+10
tx command 1 channel 0 value 10 variant 5 (swapped)
tx pulse-A:["6464646464646464","6464646464646464","6464646464646464","6464646464646464","6464646464646464","6464646464646464","6464646464646464","6464646464646464"]
tx pulse-B:["6464646464646464","6464646464646464","6464646464646464","6464646464646464","6464646464646464","6464646464646464","6464646464646464","6464646464646464"]
tx command 3 channel 0 value 100 variant 5 (swapped)
tx strength-1+2+10
tx strength-2+2+10
tx command 1 channel 0 value 10 variant 5 (swapped)
tx pulse-A:["6464646464646464","6464646464646464","6464646464646464","6464646464646464","6464646464646464","6464646464646464","6464646464646464","6464646464646464"]
tx pulse-B:["6464646464646464","6464646464646464","6464646464646464","6464646464646464","6464646464646464","6464646464646464","6464646464646464","6464646464646464"]
tx command 3 channel 0 value 100 variant 5 (swapped)
tx strength-1+2+10
tx strength-2+2+10
tx command 1 channel 0 value 10 variant 5 (swapped)
tx pulse-A:["6464646464646464","6464646464646464","6464646464646464","6464646464646464","6464646464646464","6464646464646464","6464646464646464","6464646464646464"]
tx pulse-B:["6464646464646464","6464646464646464","6464646464646464","6464646464646464","6464646464646464","6464646464646464","6464646464646464","6464646464646464"]
tx command 3 channel 0 value 100 variant 5 (swapped)
tx strength-1+2+10
tx strength-2+2+10
tx command 1 channel 0 value 10 variant 5 (swapped)
tx pulse-A:["6464646464646464","6464646464646464","6464646464646464","6464646464646464","6464646464646464","6464646464646464","6464646464646464","6464646464646464"]
tx pulse-B:["6464646464646464","6464646464646464","6464646464646464","6464646464646464","6464646464646464","6464646464646464","6464646464646464","6464646464646464"]
tx command 3 channel 0 value 100 variant 5 (swapped)
tx strength-1+2+10
tx strength-2+2+10
tx command 1 channel 0 value 10 variant 5 (swapped)
tx pulse-A:["6464646464646464","6464646464646464","6464646464646464","6464646464646464","6464646464646464","6464646464646464","6464646464646464","6464646464646464"]
tx pulse-B:["6464646464646464","6464646464646464","6464646464646464","6464646464646464","6464646464646464","6464646464646464","6464646464646464","6464646464646464"]
tx command 3 channel 0 value 100 variant 5 (swapped)
tx strength-1+2+10
tx strength-2+2+10
tx command 1 channel 0 value 10 variant 5 (swapped)
tx pulse-A:["6464646464646464","6464646464646464","6464646464646464","6464646464646464","6464646464646464","6464646464646464","6464646464646464","6464646464646464"]
tx pulse-B:["6464646464646464","6464646464646464","6464646464646464","6464646464646464","6464646464646464","6464646464646464","6464646464646464","6464646464646464"]
tx command 3 channel 0 value 100 variant 5 (swapped)
tx strength-1+2+10
tx strength-2+2+10
tx command 1 channel 0 value 10 variant 5 (swapped)
tx pulse-A:["6464646464646464","6464646464646464","6464646464646464","6464646464646464","6464646464646464","6464646464646464","6464646464646464","6464646464646464"]
tx pulse-B:["6464646464646464","6464646464646464","6464646464646464","6464646464646464","6464646464646464","6464646464646464","6464646464646464","6464646464646464"]
tx command 3 channel 0 value 100 variant 5 (swapped)
tx strength-1+2+10
tx strength-2+2+10
tx command 1 channel 0 value 10 variant 5 (swapped)
tx pulse-A:["6464646464646464","6464646464646464","6464646464646464","6464646464646464","6464646464646464","6464646464646464","6464646464646464","6464646464646464"]
tx pulse-B:["6464646464646464","6464646464646464","6464646464646464","6464646464646464","6464646464646464","6464646464646464","6464646464646464","6464646464646464"]
tx command 3 channel 0 value 100 variant 5 (swapped)
tx strength-1+2+10
tx strength-2+2+10
tx command 1 channel 0 value 10 variant 5 (swapped)
tx pulse-A:["6464646464646464","6464646464646464","6464646464646464","6464646464646464","6464646464646464","6464646464646464","6464646464646464","6464646464646464"]
tx pulse-B:["6464646464646464","6464646464646464","6464646464646464","6464646464646464","6464646464646464","6464646464646464","6464646464646464","6464646464646464"]
tx command 3 channel 0 value 100 variant 5 (swapped)
tx strength-1+2+10
tx strength-2+2+10
tx command 1 channel 0 value 10 variant 5 (swapped)
tx pulse-A:["6464646464646464","6464646464646464","6464646464646464","6464646464646464","6464646464646464","6464646464646464","6464646464646464","6464646464646464"]
tx pulse-B:["6464646464646464","6464646464646464","6464646464646464","6464646464646464","6464646464646464","6464646464646464","6464646464646464","6464646464646464"]
tx command 3 channel 0 value 100 variant 5 (swapped)
tx strength-1+2+10
tx strength-2+2+10
tx command 1 channel 0 value 10 variant 5 (swapped)
tx pulse-A:["6464646464646464","6464646464646464","6464646464646464","6464646464646464","6464646464646464","6464646464646464","6464646464646464","6464646464646464"]
tx pulse-B:["6464646464646464","6464646464646464","6464646464646464","6464646464646464","6464646464646464","6464646464646464","6464646464646464","6464646464646464"]
tx command 3 channel 0 value 100 variant 5 (swapped)
tx strength-1+2+10
tx strength-2+2+10
tx command 1 channel 0 value 10 variant 5 (swapped)
tx pulse-A:["6464646464646464","6464646464646464","6464646464646464","6464646464646464","6464646464646464","6464646464646464","6464646464646464","6464646464646464"]
tx pulse-B:["6464646464646464","6464646464646464","6464646464646464","6464646464646464","6464646464646464","6464646464646464","6464646464646464","6464646464646464"]
tx command 3 channel 0 value 100 variant 5 (swapped)
tx strength-1+2+10
tx strength-2+2+10
tx command 1 channel 0 value 10 variant 5 (swapped)
tx pulse-A:["6464646464646464","6464646464646464","6464646464646464","6464646464646464","6464646464646464","6464646464646464","6464646464646464","6464646464646464"]
tx pulse-B:["6464646464646464","6464646464646464","6464646464646464","6464646464646464","6464646464646464","6464646464646464","6464646464646464","6464646464646464"]
tx command 3 channel 0 value 100 variant 5 (swapped)
tx strength-1+2+10
tx strength-2+2+10
tx command 1 channel 0 value 10 variant 5 (swapped)
app 2a919393-c3a1-432f-81ee-804b1c047cec disconnected
stopped
